// Jest Snapshot v1, https://goo.gl/fbAQLP

exports[`getDayCandles will pass 1`] = `
[
  {
    "candle_acc_trade_price": 107184005903.68721,
    "candle_acc_trade_volume": 12505.93101659,
    "candle_date_time_kst": "2018-04-18T09:00:00",
    "candle_date_time_utc": "2018-04-18T00:00:00",
    "change_price": 176000,
    "change_rate": 0.0208284024,
    "high_price": 8679000,
    "low_price": 8445000,
    "market": "KRW-BTC",
    "opening_price": 8450000,
    "prev_closing_price": 8450000,
    "timestamp": 1524046650532,
    "trade_price": 8626000,
  },
]
`;
